// Jest Snapshot v1, https://goo.gl/fbAQLP

exports[`Snapshot styled-components FooterInfo 1`] = `
<p
  className="sc-gswNZR"
/>
`;

exports[`Snapshot styled-components StyledFooter 1`] = `
<footer
  className="sc-bcXHqe gdjWve"
/>
`;
