// Jest Snapshot v1, https://goo.gl/fbAQLP

exports[`FiltersBlock component FiltersBlock snapshot 1`] = `
Object {
  "asFragment": [Function],
  "baseElement": <body>
    <div>
      <div
        class="sc-bcXHqe hMmqpl"
      >
        <h2
          class="sc-dkrFOg dvcPFN"
        >
          Фильтры
        </h2>
        <div
          class="sc-gswNZR eEdGWU"
        >
          <h3
            class="sc-hLBbgP hnJdxU"
          >
            Количество графиков:
          </h3>
          <div
            class="MuiFormControl-root MuiFormControl-fullWidth css-q8hpuo-MuiFormControl-root"
          >
            <div
              class="MuiInputBase-root MuiInput-root MuiInput-underline MuiInputBase-colorPrimary MuiInputBase-formControl MuiNativeSelect-root css-v4u5dn-MuiInputBase-root-MuiInput-root"
            >
              <select
                aria-invalid="false"
                class="MuiNativeSelect-select MuiNativeSelect-outlined MuiInputBase-input MuiInput-input css-19ygod6-MuiNativeSelect-select-MuiInputBase-input-MuiInput-input"
              >
                <option
                  selected=""
                  value="1"
                >
                  1
                </option>
                <option
                  value="2"
                >
                  2
                </option>
              </select>
              <svg
                aria-hidden="true"
                class="MuiSvgIcon-root MuiSvgIcon-fontSizeMedium MuiNativeSelect-icon MuiNativeSelect-iconOutlined css-1g12qau-MuiSvgIcon-root-MuiNativeSelect-icon"
                data-testid="ArrowDropDownIcon"
                focusable="false"
                viewBox="0 0 24 24"
              >
                <path
                  d="M7 10l5 5 5-5z"
                />
              </svg>
            </div>
          </div>
        </div>
        <div
          class="sc-gswNZR eEdGWU"
        >
          <h3
            class="sc-hLBbgP hnJdxU"
          >
            Выберите год:
          </h3>
          <div
            class="MuiFormControl-root MuiFormControl-fullWidth css-q8hpuo-MuiFormControl-root"
          >
            <div
              class="MuiInputBase-root MuiInput-root MuiInput-underline MuiInputBase-colorPrimary MuiInputBase-formControl MuiNativeSelect-root css-v4u5dn-MuiInputBase-root-MuiInput-root"
            >
              <select
                aria-invalid="false"
                class="MuiNativeSelect-select MuiNativeSelect-outlined MuiInputBase-input MuiInput-input css-19ygod6-MuiNativeSelect-select-MuiInputBase-input-MuiInput-input"
              >
                <option
                  selected=""
                  value="2023"
                >
                  2023
                </option>
                <option
                  value="2022"
                >
                  2022
                </option>
                <option
                  value="2021"
                >
                  2021
                </option>
              </select>
              <svg
                aria-hidden="true"
                class="MuiSvgIcon-root MuiSvgIcon-fontSizeMedium MuiNativeSelect-icon MuiNativeSelect-iconOutlined css-1g12qau-MuiSvgIcon-root-MuiNativeSelect-icon"
                data-testid="ArrowDropDownIcon"
                focusable="false"
                viewBox="0 0 24 24"
              >
                <path
                  d="M7 10l5 5 5-5z"
                />
              </svg>
            </div>
          </div>
        </div>
        <div
          class="sc-gswNZR eEdGWU"
        >
          <h3
            class="sc-hLBbgP hnJdxU"
          >
            Недели:
          </h3>
          <ul
            class="sc-eDvSVe fUtpdY"
          />
        </div>
        <div
          class="sc-gswNZR eEdGWU"
        >
          <h3
            class="sc-hLBbgP hnJdxU"
          >
            Артикулы:
          </h3>
          <ul
            class="sc-eDvSVe fUtpdY"
          >
            <li>
              <label
                class="sc-jSUZER ljnyRR"
                for="string"
              >
                <input
                  id="string"
                  type="checkbox"
                />
                 
                string
              </label>
            </li>
          </ul>
        </div>
      </div>
    </div>
  </body>,
  "container": <div>
    <div
      class="sc-bcXHqe hMmqpl"
    >
      <h2
        class="sc-dkrFOg dvcPFN"
      >
        Фильтры
      </h2>
      <div
        class="sc-gswNZR eEdGWU"
      >
        <h3
          class="sc-hLBbgP hnJdxU"
        >
          Количество графиков:
        </h3>
        <div
          class="MuiFormControl-root MuiFormControl-fullWidth css-q8hpuo-MuiFormControl-root"
        >
          <div
            class="MuiInputBase-root MuiInput-root MuiInput-underline MuiInputBase-colorPrimary MuiInputBase-formControl MuiNativeSelect-root css-v4u5dn-MuiInputBase-root-MuiInput-root"
          >
            <select
              aria-invalid="false"
              class="MuiNativeSelect-select MuiNativeSelect-outlined MuiInputBase-input MuiInput-input css-19ygod6-MuiNativeSelect-select-MuiInputBase-input-MuiInput-input"
            >
              <option
                selected=""
                value="1"
              >
                1
              </option>
              <option
                value="2"
              >
                2
              </option>
            </select>
            <svg
              aria-hidden="true"
              class="MuiSvgIcon-root MuiSvgIcon-fontSizeMedium MuiNativeSelect-icon MuiNativeSelect-iconOutlined css-1g12qau-MuiSvgIcon-root-MuiNativeSelect-icon"
              data-testid="ArrowDropDownIcon"
              focusable="false"
              viewBox="0 0 24 24"
            >
              <path
                d="M7 10l5 5 5-5z"
              />
            </svg>
          </div>
        </div>
      </div>
      <div
        class="sc-gswNZR eEdGWU"
      >
        <h3
          class="sc-hLBbgP hnJdxU"
        >
          Выберите год:
        </h3>
        <div
          class="MuiFormControl-root MuiFormControl-fullWidth css-q8hpuo-MuiFormControl-root"
        >
          <div
            class="MuiInputBase-root MuiInput-root MuiInput-underline MuiInputBase-colorPrimary MuiInputBase-formControl MuiNativeSelect-root css-v4u5dn-MuiInputBase-root-MuiInput-root"
          >
            <select
              aria-invalid="false"
              class="MuiNativeSelect-select MuiNativeSelect-outlined MuiInputBase-input MuiInput-input css-19ygod6-MuiNativeSelect-select-MuiInputBase-input-MuiInput-input"
            >
              <option
                selected=""
                value="2023"
              >
                2023
              </option>
              <option
                value="2022"
              >
                2022
              </option>
              <option
                value="2021"
              >
                2021
              </option>
            </select>
            <svg
              aria-hidden="true"
              class="MuiSvgIcon-root MuiSvgIcon-fontSizeMedium MuiNativeSelect-icon MuiNativeSelect-iconOutlined css-1g12qau-MuiSvgIcon-root-MuiNativeSelect-icon"
              data-testid="ArrowDropDownIcon"
              focusable="false"
              viewBox="0 0 24 24"
            >
              <path
                d="M7 10l5 5 5-5z"
              />
            </svg>
          </div>
        </div>
      </div>
      <div
        class="sc-gswNZR eEdGWU"
      >
        <h3
          class="sc-hLBbgP hnJdxU"
        >
          Недели:
        </h3>
        <ul
          class="sc-eDvSVe fUtpdY"
        />
      </div>
      <div
        class="sc-gswNZR eEdGWU"
      >
        <h3
          class="sc-hLBbgP hnJdxU"
        >
          Артикулы:
        </h3>
        <ul
          class="sc-eDvSVe fUtpdY"
        >
          <li>
            <label
              class="sc-jSUZER ljnyRR"
              for="string"
            >
              <input
                id="string"
                type="checkbox"
              />
               
              string
            </label>
          </li>
        </ul>
      </div>
    </div>
  </div>,
  "debug": [Function],
  "findAllByAltText": [Function],
  "findAllByDisplayValue": [Function],
  "findAllByLabelText": [Function],
  "findAllByPlaceholderText": [Function],
  "findAllByRole": [Function],
  "findAllByTestId": [Function],
  "findAllByText": [Function],
  "findAllByTitle": [Function],
  "findByAltText": [Function],
  "findByDisplayValue": [Function],
  "findByLabelText": [Function],
  "findByPlaceholderText": [Function],
  "findByRole": [Function],
  "findByTestId": [Function],
  "findByText": [Function],
  "findByTitle": [Function],
  "getAllByAltText": [Function],
  "getAllByDisplayValue": [Function],
  "getAllByLabelText": [Function],
  "getAllByPlaceholderText": [Function],
  "getAllByRole": [Function],
  "getAllByTestId": [Function],
  "getAllByText": [Function],
  "getAllByTitle": [Function],
  "getByAltText": [Function],
  "getByDisplayValue": [Function],
  "getByLabelText": [Function],
  "getByPlaceholderText": [Function],
  "getByRole": [Function],
  "getByTestId": [Function],
  "getByText": [Function],
  "getByTitle": [Function],
  "queryAllByAltText": [Function],
  "queryAllByDisplayValue": [Function],
  "queryAllByLabelText": [Function],
  "queryAllByPlaceholderText": [Function],
  "queryAllByRole": [Function],
  "queryAllByTestId": [Function],
  "queryAllByText": [Function],
  "queryAllByTitle": [Function],
  "queryByAltText": [Function],
  "queryByDisplayValue": [Function],
  "queryByLabelText": [Function],
  "queryByPlaceholderText": [Function],
  "queryByRole": [Function],
  "queryByTestId": [Function],
  "queryByText": [Function],
  "queryByTitle": [Function],
  "rerender": [Function],
  "unmount": [Function],
}
`;
